examples/websocket/server.ts(2,24): error TS2307: Cannot find module 'socket.io' or its corresponding type declarations.
mini-services/chat-service/index.ts(2,24): error TS2307: Cannot find module 'socket.io' or its corresponding type declarations.
src/app/api/ads/video-ads/route.ts(46,13): error TS18004: No value exists in scope for the shorthand property 'deviceTarget'. Either declare one or provide an initializer.
src/app/api/ads/video-ads/route.ts(49,13): error TS18004: No value exists in scope for the shorthand property 'deviceTarget'. Either declare one or provide an initializer.
src/app/api/auth/[...nextauth]/route.ts(66,36): error TS18046: 'token.id' is of type 'unknown'.
src/app/api/serve/[...path]/route.ts(61,28): error TS2554: Expected 2-3 arguments, but got 1.
src/app/api/serve/[...path]/route.ts(62,19): error TS2339: Property 'isFile' does not exist on type 'void'.
src/app/api/serve/[...path]/route.ts(68,31): error TS2339: Property 'size' does not exist on type 'void'.
src/app/api/serve/[...path]/route.ts(139,28): error TS2554: Expected 2-3 arguments, but got 1.
src/app/api/serve/[...path]/route.ts(140,19): error TS2339: Property 'isFile' does not exist on type 'void'.
src/app/api/serve/[...path]/route.ts(150,43): error TS2339: Property 'size' does not exist on type 'void'.
src/app/api/upload/route.ts(103,9): error TS2322: Type 'string | undefined' is not assignable to type 'string | null'.
  Type 'undefined' is not assignable to type 'string | null'.
src/app/api/upload/route.ts(110,11): error TS2769: No overload matches this call.
  Overload 1 of 2, '(input: UploadPartCommandInput): UploadPartCommand', gave the following error.
    Type 'string | null' is not assignable to type 'string | undefined'.
      Type 'null' is not assignable to type 'string | undefined'.
  Overload 2 of 2, '(input: UploadPartCommandInput): UploadPartCommand', gave the following error.
    Type 'string | null' is not assignable to type 'string | undefined'.
      Type 'null' is not assignable to type 'string | undefined'.
src/app/page.tsx(173,53): error TS2345: Argument of type 'AppState' is not assignable to parameter of type 'UseBoundStore<StoreApi<AppState>>'.
  Type 'AppState' is not assignable to type '{ (): AppState; <U>(selector: (state: AppState) => U): U; }'.
    Type 'AppState' provides no match for the signature '(): AppState'.
src/app/page.tsx(201,55): error TS2339: Property 'fps' does not exist on type 'StreamData'.
src/app/page.tsx(256,68): error TS2345: Argument of type 'AppState' is not assignable to parameter of type 'UseBoundStore<StoreApi<AppState>>'.
  Type 'AppState' is not assignable to type '{ (): AppState; <U>(selector: (state: AppState) => U): U; }'.
    Type 'AppState' provides no match for the signature '(): AppState'.
src/app/page.tsx(314,77): error TS2345: Argument of type 'AppState' is not assignable to parameter of type 'UseBoundStore<StoreApi<AppState>>'.
  Type 'AppState' is not assignable to type '{ (): AppState; <U>(selector: (state: AppState) => U): U; }'.
    Type 'AppState' provides no match for the signature '(): AppState'.
src/app/page.tsx(331,83): error TS2345: Argument of type 'AppState' is not assignable to parameter of type 'UseBoundStore<StoreApi<AppState>>'.
  Type 'AppState' is not assignable to type '{ (): AppState; <U>(selector: (state: AppState) => U): U; }'.
    Type 'AppState' provides no match for the signature '(): AppState'.
src/app/page.tsx(378,44): error TS2345: Argument of type 'AppState' is not assignable to parameter of type 'UseBoundStore<StoreApi<AppState>>'.
  Type 'AppState' is not assignable to type '{ (): AppState; <U>(selector: (state: AppState) => U): U; }'.
    Type 'AppState' provides no match for the signature '(): AppState'.
src/app/page.tsx(494,81): error TS2345: Argument of type 'AppState' is not assignable to parameter of type 'UseBoundStore<StoreApi<AppState>>'.
  Type 'AppState' is not assignable to type '{ (): AppState; <U>(selector: (state: AppState) => U): U; }'.
    Type 'AppState' provides no match for the signature '(): AppState'.
src/app/page.tsx(529,70): error TS2345: Argument of type 'AppState' is not assignable to parameter of type 'UseBoundStore<StoreApi<AppState>>'.
  Type 'AppState' is not assignable to type '{ (): AppState; <U>(selector: (state: AppState) => U): U; }'.
    Type 'AppState' provides no match for the signature '(): AppState'.
src/app/page.tsx(539,34): error TS2339: Property 'setState' does not exist on type 'AppState'.
src/app/page.tsx(571,70): error TS2345: Argument of type 'AppState' is not assignable to parameter of type 'UseBoundStore<StoreApi<AppState>>'.
  Type 'AppState' is not assignable to type '{ (): AppState; <U>(selector: (state: AppState) => U): U; }'.
    Type 'AppState' provides no match for the signature '(): AppState'.
src/app/page.tsx(581,34): error TS2339: Property 'setState' does not exist on type 'AppState'.
src/app/page.tsx(630,23): error TS2339: Property 'user' does not exist on type 'never'.
src/app/page.tsx(633,67): error TS2339: Property 'user' does not exist on type 'never'.
src/app/page.tsx(634,60): error TS2339: Property 'user' does not exist on type 'never'.
src/components/admin/AdminApp.tsx(273,75): error TS2353: Object literal may only specify known properties, and 'focusVisibleRingColor' does not exist in type 'Properties<string | number, string & {}>'.
src/components/sportix/AdBanner.tsx(151,15): error TS2322: Type '{ initial: { opacity: number; y: number; }; animate: { opacity: number; y: number; transition: { duration: number; ease: string; }; }; exit: { opacity: number; y: number; transition: { duration: number; ease: string; }; }; }' is not assignable to type 'Variants'.
  Property 'animate' is incompatible with index signature.
    Type '{ opacity: number; y: number; transition: { duration: number; ease: string; }; }' is not assignable to type 'Variant'.
      Type '{ opacity: number; y: number; transition: { duration: number; ease: string; }; }' is not assignable to type 'TargetAndTransition'.
        Type '{ opacity: number; y: number; transition: { duration: number; ease: string; }; }' is not assignable to type '{ transition?: Transition<any> | undefined; transitionEnd?: ResolvedValues$1 | undefined; }'.
          Types of property 'transition' are incompatible.
            Type '{ duration: number; ease: string; }' is not assignable to type 'Transition<any> | undefined'.
              Type '{ duration: number; ease: string; }' is not assignable to type 'TransitionWithValueOverrides<any>'.
                Type '{ duration: number; ease: string; }' is not assignable to type 'ValueAnimationTransition<any>'.
                  Types of property 'ease' are incompatible.
                    Type 'string' is not assignable to type 'Easing | Easing[] | undefined'.
src/components/sportix/AdminPanel.tsx(1126,331): error TS2353: Object literal may only specify known properties, and 'focusRingColor' does not exist in type 'Properties<string | number, string & {}>'.
src/components/sportix/AdminPanel.tsx(1131,342): error TS2353: Object literal may only specify known properties, and 'focusRingColor' does not exist in type 'Properties<string | number, string & {}>'.
src/components/sportix/AdminPanel.tsx(1141,339): error TS2353: Object literal may only specify known properties, and 'focusRingColor' does not exist in type 'Properties<string | number, string & {}>'.
src/components/sportix/AdminPanel.tsx(1662,25): error TS2322: Type 'Element' is not assignable to type 'string'.
src/components/sportix/AdminPanel.tsx(1879,25): error TS2322: Type 'Element' is not assignable to type 'string'.
src/components/sportix/AdminPanel.tsx(1907,25): error TS2322: Type 'Element' is not assignable to type 'string'.
src/components/sportix/AdminPanel.tsx(4118,80): error TS2322: Type '{ children: Element[]; key: number; className: string; onClick: () => void; }' is not assignable to type 'IntrinsicAttributes & { children: ReactNode; className?: string | undefined; style?: CSSProperties | undefined; }'.
  Property 'onClick' does not exist on type 'IntrinsicAttributes & { children: ReactNode; className?: string | undefined; style?: CSSProperties | undefined; }'.
src/components/sportix/AdOverlay.tsx(119,11): error TS2322: Type '{ initial: { opacity: number; y: number; scale: number; }; animate: { opacity: number; y: number; scale: number; transition: { duration: number; ease: number[]; }; }; exit: { opacity: number; y: number; scale: number; transition: { ...; }; }; }' is not assignable to type 'Variants'.
  Property 'animate' is incompatible with index signature.
    Type '{ opacity: number; y: number; scale: number; transition: { duration: number; ease: number[]; }; }' is not assignable to type 'Variant'.
      Type '{ opacity: number; y: number; scale: number; transition: { duration: number; ease: number[]; }; }' is not assignable to type 'TargetAndTransition'.
        Type '{ opacity: number; y: number; scale: number; transition: { duration: number; ease: number[]; }; }' is not assignable to type '{ transition?: Transition<any> | undefined; transitionEnd?: ResolvedValues$1 | undefined; }'.
          Types of property 'transition' are incompatible.
            Type '{ duration: number; ease: number[]; }' is not assignable to type 'Transition<any> | undefined'.
              Type '{ duration: number; ease: number[]; }' is not assignable to type 'TransitionWithValueOverrides<any>'.
                Type '{ duration: number; ease: number[]; }' is not assignable to type 'ValueAnimationTransition<any>'.
                  Types of property 'ease' are incompatible.
                    Type 'number[]' is not assignable to type 'Easing | Easing[] | undefined'.
                      Type 'number[]' is not assignable to type 'EasingFunction | Easing[]'.
                        Type 'number[]' is not assignable to type 'Easing[]'.
                          Type 'number' is not assignable to type 'Easing'.
src/components/sportix/AdsManagerUI.tsx(132,11): error TS2769: No overload matches this call.
  The last overload gave the following error.
    Argument of type '"postgres_changes"' is not assignable to parameter of type '"system"'.
src/components/sportix/BottomNav.tsx(14,5): error TS2322: Type '"more"' is not assignable to type 'PageView'.
src/components/sportix/BottomNav.tsx(65,56): error TS2367: This comparison appears to be unintentional because the types 'PageView' and '"more"' have no overlap.
src/components/sportix/BottomNav.tsx(70,21): error TS2367: This comparison appears to be unintentional because the types 'PageView' and '"more"' have no overlap.
src/components/sportix/CategoriesPage.tsx(74,11): error TS2769: No overload matches this call.
  The last overload gave the following error.
    Argument of type '"postgres_changes"' is not assignable to parameter of type '"system"'.
src/components/sportix/DashboardPage.tsx(297,11): error TS2769: No overload matches this call.
  The last overload gave the following error.
    Argument of type '"postgres_changes"' is not assignable to parameter of type '"system"'.
src/components/sportix/DashboardPage.tsx(298,11): error TS2769: No overload matches this call.
  The last overload gave the following error.
    Argument of type '"postgres_changes"' is not assignable to parameter of type '"system"'.
src/components/sportix/DashboardPage.tsx(299,11): error TS2769: No overload matches this call.
  The last overload gave the following error.
    Argument of type '"postgres_changes"' is not assignable to parameter of type '"system"'.
src/components/sportix/DashboardPage.tsx(300,11): error TS2769: No overload matches this call.
  The last overload gave the following error.
    Argument of type '"postgres_changes"' is not assignable to parameter of type '"system"'.
src/components/sportix/DashboardPage.tsx(338,13): error TS2552: Cannot find name 'Radio'. Did you mean 'Audio'?
src/components/sportix/FooterTopBanner.tsx(180,13): error TS2322: Type '{ initial: { opacity: number; y: number; }; animate: { opacity: number; y: number; transition: { duration: number; ease: string; }; }; exit: { opacity: number; y: number; transition: { duration: number; ease: string; }; }; }' is not assignable to type 'Variants'.
  Property 'animate' is incompatible with index signature.
    Type '{ opacity: number; y: number; transition: { duration: number; ease: string; }; }' is not assignable to type 'Variant'.
      Type '{ opacity: number; y: number; transition: { duration: number; ease: string; }; }' is not assignable to type 'TargetAndTransition'.
        Type '{ opacity: number; y: number; transition: { duration: number; ease: string; }; }' is not assignable to type '{ transition?: Transition<any> | undefined; transitionEnd?: ResolvedValues$1 | undefined; }'.
          Types of property 'transition' are incompatible.
            Type '{ duration: number; ease: string; }' is not assignable to type 'Transition<any> | undefined'.
              Type '{ duration: number; ease: string; }' is not assignable to type 'TransitionWithValueOverrides<any>'.
                Type '{ duration: number; ease: string; }' is not assignable to type 'ValueAnimationTransition<any>'.
                  Types of property 'ease' are incompatible.
                    Type 'string' is not assignable to type 'Easing | Easing[] | undefined'.
src/components/sportix/HeroBannerAds.tsx(65,7): error TS2322: Type '{ initial: { opacity: number; }; animate: { opacity: number; transition: { duration: number; ease: string; }; }; exit: { opacity: number; transition: { duration: number; ease: string; }; }; }' is not assignable to type 'Variants'.
  Property 'animate' is incompatible with index signature.
    Type '{ opacity: number; transition: { duration: number; ease: string; }; }' is not assignable to type 'Variant'.
      Type '{ opacity: number; transition: { duration: number; ease: string; }; }' is not assignable to type 'TargetAndTransition'.
        Type '{ opacity: number; transition: { duration: number; ease: string; }; }' is not assignable to type '{ transition?: Transition<any> | undefined; transitionEnd?: ResolvedValues$1 | undefined; }'.
          Types of property 'transition' are incompatible.
            Type '{ duration: number; ease: string; }' is not assignable to type 'Transition<any> | undefined'.
              Type '{ duration: number; ease: string; }' is not assignable to type 'TransitionWithValueOverrides<any>'.
                Type '{ duration: number; ease: string; }' is not assignable to type 'ValueAnimationTransition<any>'.
                  Types of property 'ease' are incompatible.
                    Type 'string' is not assignable to type 'Easing | Easing[] | undefined'.
src/components/sportix/HeroBannerAds.tsx(143,7): error TS2322: Type '{ initial: { opacity: number; }; animate: { opacity: number; transition: { duration: number; ease: string; }; }; exit: { opacity: number; transition: { duration: number; ease: string; }; }; }' is not assignable to type 'Variants'.
  Property 'animate' is incompatible with index signature.
    Type '{ opacity: number; transition: { duration: number; ease: string; }; }' is not assignable to type 'Variant'.
      Type '{ opacity: number; transition: { duration: number; ease: string; }; }' is not assignable to type 'TargetAndTransition'.
        Type '{ opacity: number; transition: { duration: number; ease: string; }; }' is not assignable to type '{ transition?: Transition<any> | undefined; transitionEnd?: ResolvedValues$1 | undefined; }'.
          Types of property 'transition' are incompatible.
            Type '{ duration: number; ease: string; }' is not assignable to type 'Transition<any> | undefined'.
              Type '{ duration: number; ease: string; }' is not assignable to type 'TransitionWithValueOverrides<any>'.
                Type '{ duration: number; ease: string; }' is not assignable to type 'ValueAnimationTransition<any>'.
                  Types of property 'ease' are incompatible.
                    Type 'string' is not assignable to type 'Easing | Easing[] | undefined'.
src/components/sportix/HeroFooterAdsManager.tsx(326,174): error TS2345: Argument of type '(acc: { name: string; value: number; color: string; startAngle: number; endAngle: number; startRad: number; endRad: number; pathD: string; }[], d: { name: string; value: number; color: string; }) => { pathD: string; ... 7 more ...; color: string; }' is not assignable to parameter of type '(previousValue: { name: string; value: number; color: string; startAngle: number; endAngle: number; startRad: number; endRad: number; pathD: string; }[], currentValue: { name: string; value: number; color: string; }, currentIndex: number, array: { ...; }[]) => { ...; }[]'.
  Type '{ pathD: string; startAngle: number; endAngle: number; startRad: number; endRad: number; pct: string; name: string; value: number; color: string; }' is missing the following properties from type '{ name: string; value: number; color: string; startAngle: number; endAngle: number; startRad: number; endRad: number; pathD: string; }[]': length, pop, push, concat, and 35 more.
src/components/sportix/HeroFooterAdsManager.tsx(354,17): error TS2339: Property 'map' does not exist on type '{ name: string; value: number; color: string; }'.
src/components/sportix/HeroFooterAdsManager.tsx(447,11): error TS2769: No overload matches this call.
  The last overload gave the following error.
    Argument of type '"postgres_changes"' is not assignable to parameter of type '"system"'.
src/components/sportix/LiveControlRoom.tsx(885,83): error TS2322: Type 'string' is not assignable to type '"warn" | "good" | "bad" | undefined'.
src/components/sportix/LiveControlRoom.tsx(1044,28): error TS2322: Type 'string' is not assignable to type '"warning" | "online" | "offline"'.
src/components/sportix/MatchSchedule.tsx(55,11): error TS2769: No overload matches this call.
  The last overload gave the following error.
    Argument of type '"postgres_changes"' is not assignable to parameter of type '"system"'.
src/components/sportix/OnlineUsersPage.tsx(187,28): error TS2304: Cannot find name 'useCallback'.
src/components/sportix/OnlineUsersPage.tsx(225,3): error TS2304: Cannot find name 'useEffect'.
src/components/sportix/OnlineUsersPage.tsx(230,11): error TS2769: No overload matches this call.
  The last overload gave the following error.
    Argument of type '"postgres_changes"' is not assignable to parameter of type '"system"'.
src/components/sportix/PreRollAd.tsx(218,15): error TS2322: Type '{ initial: { opacity: number; scale: number; }; animate: { opacity: number; scale: number; transition: { duration: number; ease: string; }; }; exit: { opacity: number; scale: number; transition: { duration: number; ease: string; }; }; }' is not assignable to type 'Variants'.
  Property 'animate' is incompatible with index signature.
    Type '{ opacity: number; scale: number; transition: { duration: number; ease: string; }; }' is not assignable to type 'Variant'.
      Type '{ opacity: number; scale: number; transition: { duration: number; ease: string; }; }' is not assignable to type 'TargetAndTransition'.
        Type '{ opacity: number; scale: number; transition: { duration: number; ease: string; }; }' is not assignable to type '{ transition?: Transition<any> | undefined; transitionEnd?: ResolvedValues$1 | undefined; }'.
          Types of property 'transition' are incompatible.
            Type '{ duration: number; ease: string; }' is not assignable to type 'Transition<any> | undefined'.
              Type '{ duration: number; ease: string; }' is not assignable to type 'TransitionWithValueOverrides<any>'.
                Type '{ duration: number; ease: string; }' is not assignable to type 'ValueAnimationTransition<any>'.
                  Types of property 'ease' are incompatible.
                    Type 'string' is not assignable to type 'Easing | Easing[] | undefined'.
